Checking if the numbers can form a triangle:
20
30
20
The numbers can form a triangle.
Triangle validation successful.
