Enter limit:
Input limit:
10
=== Primes up to the limit ===
2
3
5
7
=== Processing Complete ===
