a is:
a < 100... assigning 101 to a...
a is:
101
nah...try again...
