a is:
a > 110, assigning 109
a is:
109
nah...try again...
