IDs for function fact:
 n: INT
 i: INT

IDs for global:
 fact: FUNC

