IDs for function absv:
 x: INT

IDs for global:
 absv: FUNC

