Function f: Line 1
 m: Line 4
 n: Line 2
 x: Line 5

Global: Line 8
 f: Line 8
