Starting LCM computation program...
Enter the first number:
Enter the second number:
The LCM is:
35
