func_2(10,20,30,40)
func_1(a,b)
30
func_1(c,d)
70
100
